--------------------------------------------------------------------------------------
Timing Analyzer Summary
--------------------------------------------------------------------------------------

Type           : Worst-case tsu
Slack          : N/A
Required Time  : None
Actual Time    : 2.588 ns
From           : RESETN
To             : AC[9]
From Clock     : --
To Clock       : CLOCK
Failed Paths   : 0

Type           : Worst-case tco
Slack          : N/A
Required Time  : None
Actual Time    : 15.533 ns
From           : IR[0]
To             : AC_SHIFTED[2]
From Clock     : CLOCK
To Clock       : --
Failed Paths   : 0

Type           : Worst-case th
Slack          : N/A
Required Time  : None
Actual Time    : -0.517 ns
From           : RESETN
To             : MW
From Clock     : --
To Clock       : CLOCK
Failed Paths   : 0

Type           : Clock Setup: 'CLOCK'
Slack          : N/A
Required Time  : None
Actual Time    : 64.33 MHz ( period = 15.544 ns )
From           : altsyncram:MEMORY|altsyncram_8ht3:auto_generated|ram_block1a0~porta_address_reg9
To             : AC[15]
From Clock     : CLOCK
To Clock       : CLOCK
Failed Paths   : 0

Type           : Total number of failed paths
Slack          : 
Required Time  : 
Actual Time    : 
From           : 
To             : 
From Clock     : 
To Clock       : 
Failed Paths   : 0

--------------------------------------------------------------------------------------

